// Jest Snapshot v1, https://goo.gl/fbAQLP

exports[`renders loader component correctly 1`] = `<button />`;
